main.c:81:6:display7SEG	24	static
main.c:92:6:update7SEG	16	static
main.c:153:6:updateLEDMatrix	32	static
main.c:217:6:updateClockBuffer	4	static
main.c:228:6:setTimer0	16	static
main.c:233:6:setTimer1	16	static
main.c:238:6:setTimer2	16	static
main.c:243:6:timer0_run	4	static
main.c:250:6:timer1_run	4	static
main.c:257:6:timer2_run	4	static
main.c:264:6:HAL_TIM_PeriodElapsedCallback	16	static
main.c:270:5:main	8	static
main.c:350:6:SystemClock_Config	72	static
main.c:386:13:MX_TIM2_Init	32	static
main.c:431:13:MX_GPIO_Init	32	static
main.c:487:6:Error_Handler	4	static,ignoring_inline_asm
