10:35:44 **** Incremental Build of configuration Debug for project Lab01_Exercise05 ****
make -j4 all 
arm-none-eabi-gcc "../Core/Src/main.c" -mcpu=cortex-m3 -std=gnu11 -g3 -DDEBUG -DUSE_HAL_DRIVER -DSTM32F103x6 -c -I../Core/Inc -I../Drivers/STM32F1xx_HAL_Driver/Inc -I../Drivers/STM32F1xx_HAL_Driver/Inc/Legacy -I../Drivers/CMSIS/Device/ST/STM32F1xx/Include -I../Drivers/CMSIS/Include -O0 -ffunction-sections -fdata-sections -Wall -fstack-usage -MMD -MP -MF"Core/Src/main.d" -MT"Core/Src/main.o" --specs=nano.specs -mfloat-abi=soft -mthumb -o "Core/Src/main.o"
arm-none-eabi-gcc -o "Lab01_Exercise05.elf" @"objects.list"   -mcpu=cortex-m3 -T"C:\Users\ADMIN\Documents\STM32\Lab01\Lab01_Exercise05\STM32F103C6UX_FLASH.ld" --specs=nosys.specs -Wl,-Map="Lab01_Exercise05.map" -Wl,--gc-sections -static --specs=nano.specs -mfloat-abi=soft -mthumb -Wl,--start-group -lc -lm -Wl,--end-group
Finished building target: Lab01_Exercise05.elf
 
arm-none-eabi-size   Lab01_Exercise05.elf 
arm-none-eabi-objdump -h -S  Lab01_Exercise05.elf  > "Lab01_Exercise05.list"
arm-none-eabi-objcopy  -O ihex  Lab01_Exercise05.elf  "Lab01_Exercise05.hex"
arm-none-eabi-objcopy  -O binary  Lab01_Exercise05.elf  "Lab01_Exercise05.bin"
   text	   data	    bss	    dec	    hex	filename
   4864	    300	   1572	   6736	   1a50	Lab01_Exercise05.elf
Finished building: default.size.stdout
Finished building: Lab01_Exercise05.hex
 
Finished building: Lab01_Exercise05.bin
 
Finished building: Lab01_Exercise05.list
 
 

10:35:45 Build Finished. 0 errors, 0 warnings. (took 1s.342ms)

